
> nexora-labs@1.0.0 build
> next build

  โ–ฒ Next.js 14.2.35
  - Environments: .env.local

   Creating an optimized production build ...
 โ“ Compiled successfully
   Linting and checking validity of types ...
node.exe : 
At line:1 char:1
+ & "C:\Program Files\nodejs/node.exe" 
"C:\Users\Venge\AppData\Roaming\ ...
+ ~~~~~~~~~~~~~~~~~~~~~~~~~~~~~~~~~~~~~~~~
~~~~~~~~~~~~~~~~~~~~~~~~~~~~~
    + CategoryInfo          : NotSpecifie 
   d: (:String) [], RemoteException
    + FullyQualifiedErrorId : NativeComma 
   ndError
 
Failed to compile.

./app/admin/page.tsx
91:11  Error: 'filteredMenuGroups' is 
assigned a value but never used.  
@typescript-eslint/no-unused-vars

./components/admin/UserManager.tsx
4:44  Error: 'KeyRound' is defined but 
never used.  
@typescript-eslint/no-unused-vars
27:8  Warning: React Hook useEffect has a 
missing dependency: 'fetchUsers'. Either 
include it or remove the dependency 
array.  react-hooks/exhaustive-deps
98:25  Error: Unexpected any. Specify a 
different type.  
@typescript-eslint/no-explicit-any
115:25  Error: Unexpected any. Specify a 
different type.  
@typescript-eslint/no-explicit-any

info  - Need to disable some ESLint 
rules? Learn more here: https://nextjs.org
/docs/basic-features/eslint#disabling-rule
s
